I'm sorry, but errors were detected in your script. Please correct the
errors listed below, and try again.


File "game/chapter1.rpy", line 72: expected 'image_name_component' not found.
    scene "Street_Autumn_Day.png" with long_dissolve
          ^

Ren'Py Version: Ren'Py 8.3.4.24120703
Sun Jan 19 21:24:01 2025
